Information: Propagating switching activity (low effort zero delay simulation). (PWR-6)
Warning: Design has unannotated primary inputs. (PWR-414)
Warning: Design has unannotated sequential cell outputs. (PWR-415)
 
****************************************
Report : power
        -analysis_effort low
Design : MatrixMultiplier
Version: T-2022.03-SP4
Date   : Fri Apr 19 11:36:11 2024
****************************************


Library(s) Used:

    slow_vdd1v0 (File: /home/ece558_658_2023/rlester/ece559/synth/gpdk045_slow.db)


Operating Conditions: PVT_0P9V_125C   Library: slow_vdd1v0
Wire Load Model Mode: top


Global Operating Voltage = 0.9  
Power-specific unit information :
    Voltage Units = 1V
    Capacitance Units = 1.000000pf
    Time Units = 1ns
    Dynamic Power Units = 1mW    (derived from V,C,T units)
    Leakage Power Units = 1pW


Attributes
----------
i - Including register clock pin internal power


  Cell Internal Power  = 210.5478 uW   (79%)
  Net Switching Power  =  56.7507 uW   (21%)
                         ---------
Total Dynamic Power    = 267.2986 uW  (100%)

Cell Leakage Power     = 112.5853 nW


                 Internal         Switching           Leakage            Total
Power Group      Power            Power               Power              Power   (   %    )  Attrs
--------------------------------------------------------------------------------------------------
io_pad             0.0000            0.0000            0.0000            0.0000  (   0.00%)
memory             0.0000            0.0000            0.0000            0.0000  (   0.00%)
black_box          0.0000            0.0000            0.0000            0.0000  (   0.00%)
clock_network      0.1641            0.0000            0.0000            0.1641  (  61.35%)  i
register       5.3934e-03        7.2723e-04        2.4661e+04        6.1452e-03  (   2.30%)
sequential         0.0000            0.0000            0.0000            0.0000  (   0.00%)
combinational  4.1104e-02        5.6024e-02        8.7918e+04        9.7215e-02  (  36.35%)
--------------------------------------------------------------------------------------------------
Total              0.2105 mW     5.6751e-02 mW     1.1258e+05 pW         0.2674 mW
1
