Loading db file '/home/ece558_658_2023/rlester/ece559/synth/gpdk045_slow.db'
Information: Propagating switching activity (low effort zero delay simulation). (PWR-6)
Warning: Design has unannotated primary inputs. (PWR-414)
Warning: Design has unannotated sequential cell outputs. (PWR-415)
 
****************************************
Report : power
        -analysis_effort low
Design : MatrixMultiplier
Version: T-2022.03-SP4
Date   : Wed Apr 17 19:28:11 2024
****************************************


Library(s) Used:

    slow_vdd1v0 (File: /home/ece558_658_2023/rlester/ece559/synth/gpdk045_slow.db)


Operating Conditions: PVT_0P9V_125C   Library: slow_vdd1v0
Wire Load Model Mode: top


Global Operating Voltage = 0.9  
Power-specific unit information :
    Voltage Units = 1V
    Capacitance Units = 1.000000pf
    Time Units = 1ns
    Dynamic Power Units = 1mW    (derived from V,C,T units)
    Leakage Power Units = 1pW


Attributes
----------
i - Including register clock pin internal power


  Cell Internal Power  = 240.2547 uW   (67%)
  Net Switching Power  = 116.2266 uW   (33%)
                         ---------
Total Dynamic Power    = 356.4813 uW  (100%)

Cell Leakage Power     = 176.4426 nW


                 Internal         Switching           Leakage            Total
Power Group      Power            Power               Power              Power   (   %    )  Attrs
--------------------------------------------------------------------------------------------------
io_pad             0.0000            0.0000            0.0000            0.0000  (   0.00%)
memory             0.0000            0.0000            0.0000            0.0000  (   0.00%)
black_box          0.0000            0.0000            0.0000            0.0000  (   0.00%)
clock_network  5.4684e-02            0.0000            0.0000        5.4684e-02  (  15.33%)  i
register       6.9660e-03        1.4807e-04        8.5051e+03        7.1226e-03  (   2.00%)
sequential         0.0000            0.0000            0.0000            0.0000  (   0.00%)
combinational      0.1786            0.1161        1.6793e+05            0.2949  (  82.67%)
--------------------------------------------------------------------------------------------------
Total              0.2403 mW         0.1162 mW     1.7644e+05 pW         0.3567 mW
1
